// Vitest Snapshot v1, https://vitest.dev/guide/snapshot.html

exports[`indexView > should render 1`] = `
"<main class="mt-3">
  <div data-v-5f4ac70c="" class="osim-content container-fluid osim-issue-queue">
    <div data-v-5f4ac70c="" class="osim-incident-filter">
      <div data-v-5fd32c51="" data-v-5f4ac70c="" class="osim-input ps-3 d-inline-block d-inline-block"><label data-v-5fd32c51="" class="form-check h-100 d-inline-block ps-4 p-1"><input data-v-5fd32c51="" class="d-inline-block form-check-input" type="checkbox"><span data-v-5fd32c51="" class="form-check-label">My Issues</span></label></div>
      <div data-v-5fd32c51="" data-v-5f4ac70c="" class="osim-input ps-3 d-inline-block d-inline-block"><label data-v-5fd32c51="" class="form-check h-100 d-inline-block ps-4 p-1"><input data-v-5fd32c51="" class="d-inline-block form-check-input" type="checkbox"><span data-v-5fd32c51="" class="form-check-label">Open Issues</span></label></div>
      <div data-v-5fd32c51="" data-v-5f4ac70c="" class="osim-input ps-3 d-inline-block d-inline-block"><label data-v-5fd32c51="" class="form-check h-100 d-inline-block ps-4 p-1"><input data-v-5fd32c51="" class="d-inline-block form-check-input" type="checkbox" checked=""><span data-v-5fd32c51="" class="form-check-label">Default Filter</span></label></div>
      <!--v-if-->
      <!--v-if-->
    </div>
    <div data-v-5f4ac70c="" class="d-flex gap-2">
      <details data-v-5f4ac70c="" class="osim-default-filter">
        <summary data-v-5f4ac70c="">Default Filters <button data-v-5f4ac70c="" class="btn btn-sm btn-primary lh-0 py-0"> clear </button></summary>
        <div data-v-5f4ac70c="" class="my-2"><span data-v-5f4ac70c="" class="badge bg-secondary me-1">Query : django query</span><span data-v-5f4ac70c="" class="badge bg-secondary me-1">Affected Component : test</span></div>
      </details>
    </div>
    <div data-v-5f4ac70c="" class="osim-incident-list">
      <table data-v-5f4ac70c="" class="table align-middle">
        <thead data-v-5f4ac70c="" class="sticky-top">
          <!-- <thead class=""> -->
          <tr data-v-5f4ac70c="">
            <th data-v-5f4ac70c="">ID <i data-v-5f4ac70c="" class="opacity-0 bi-caret-down-fill bi"></i></th>
            <th data-v-5f4ac70c="">Impact <i data-v-5f4ac70c="" class="opacity-0 bi-caret-down-fill bi"></i></th>
            <th data-v-5f4ac70c="">Created <i data-v-5f4ac70c="" class="bi-caret-down-fill bi"></i></th>
            <th data-v-5f4ac70c="">Title <i data-v-5f4ac70c="" class="opacity-0 bi-caret-down-fill bi"></i></th>
            <th data-v-5f4ac70c="">State <i data-v-5f4ac70c="" class="opacity-0 bi-caret-down-fill bi"></i></th>
            <th data-v-5f4ac70c="">Owner <i data-v-5f4ac70c="" class="opacity-0 bi-caret-down-fill bi"></i></th>
          </tr>
        </thead>
        <tbody data-v-5f4ac70c="" class="table-group-divider"></tbody>
      </table>
      <!--v-if-->
      <p data-v-5f4ac70c="">No results.</p>
      <!--v-if-->
    </div>
  </div>
</main>"
`;
