// Vitest Snapshot v1, https://vitest.dev/guide/snapshot.html

exports[`notFoundView > should render 1`] = `
"<main class="mt-3 container">
  <h1 class="mb-3">Page Not Found</h1><a href="/" class="btn btn-danger">Back to Index</a>
</main>"
`;
