// Vitest Snapshot v1, https://vitest.dev/guide/snapshot.html

exports[`djangoQLInput > should render 1`] = `"<textarea class="form-control" autocomplete="off"></textarea>"`;
